%!Adobe-FontList 1.22
%Locale:0x409

%BeginFont
Handler:DirectoryHandler
FontType:Type1
FontName:AcrataTextBeta4-Regular
FamilyName:Acrata Text Beta 4
StyleName:Regular
MenuName:Acrata Text Beta 4 Regular
StyleBits:0
WeightClass:400
WidthClass:5
AngleClass:0
FullName:Acrata Text Beta 4 Regular
WritingScript:Roman
OutlineFileName:/Users/mac/Desktop/Imagenes anonimas/Carpeta anonimas_tercer partido/Document fonts/Acrata_Text_Beta_4.otf
DataFormat:sfntData
UsesStandardEncoding:yes
isCFF:yes
hasSVG:no
VariableFontType:NonVariableFont
FileLength:12296
FileModTime:634712402
NameArray:0,Mac,4,Acrata Text Beta 4 Regular
NameArray:0,Win,1,Acrata Text Beta 4 Regular
NameArray:0,Win,16,Acrata Text Beta 4
%EndFont

%BeginFont
Handler:DirectoryHandler
FontType:Invalid
OutlineFileName:/Users/mac/Desktop/Imagenes anonimas/Carpeta anonimas_tercer partido/Document fonts/AdobeFnt22.lst
FileLength:2431
FileModTime:653382019
%EndFont

%BeginFont
Handler:DirectoryHandler
FontType:Type1
FontName:ClashDisplay-Bold
FamilyName:Clash Display
StyleName:Bold
MenuName:Clash Display
StyleBits:2
WeightClass:700
WidthClass:5
AngleClass:0
FullName:Clash Display Bold
WritingScript:Roman
OutlineFileName:/Users/mac/Desktop/Imagenes anonimas/Carpeta anonimas_tercer partido/Document fonts/ClashDisplay-Bold.otf
DataFormat:sfntData
UsesStandardEncoding:yes
isCFF:yes
hasSVG:no
VariableFontType:NonVariableFont
FileLength:25276
FileModTime:652675710
NameArray:0,Win,1,Clash Display
%EndFont

%BeginFont
Handler:DirectoryHandler
FontType:Type1
FontName:ClashDisplay-Medium
FamilyName:Clash Display
StyleName:Medium
MenuName:Clash Display Medium
StyleBits:0
WeightClass:500
WidthClass:5
AngleClass:0
FullName:Clash Display Medium
WritingScript:Roman
OutlineFileName:/Users/mac/Desktop/Imagenes anonimas/Carpeta anonimas_tercer partido/Document fonts/ClashDisplay-Medium.otf
DataFormat:sfntData
UsesStandardEncoding:yes
isCFF:yes
hasSVG:no
VariableFontType:NonVariableFont
FileLength:27176
FileModTime:652675710
NameArray:0,Win,1,Clash Display Medium
NameArray:0,Win,16,Clash Display
%EndFont

%BeginFont
Handler:DirectoryHandler
FontType:Type1
FontName:MinionPro-Regular
FamilyName:Minion Pro
StyleName:Regular
MenuName:Minion Pro
StyleBits:0
WeightClass:400
WidthClass:5
AngleClass:0
FullName:Minion Pro
WritingScript:Roman
OutlineFileName:/Users/mac/Desktop/Imagenes anonimas/Carpeta anonimas_tercer partido/Document fonts/MinionPro-Regular.otf
DataFormat:sfntData
UsesStandardEncoding:yes
isCFF:yes
hasSVG:no
VariableFontType:NonVariableFont
FileLength:218640
FileModTime:627517681
DesignSize:110
NameArray:0,Mac,4,Minion Pro
NameArray:0,Win,1,Minion Pro
%EndFont

